   1              	# 1 "../Sources/ProjMain.asm"
   1              	/******************************************************************************
   0              	
   0              	
   0              	
   2              	* EE244 Assembly Template Project
   3              	* Description
   4              	* Your name, Date
   5              	******************************************************************************/
   6              	                .syntax unified        /* define Syntax */
   7              	                .cpu cortex-m4
   8              	                .fpu fpv4-sp-d16
   9              	                .globl main
  10              	/******************************************************************************
  11              	 * Equates
  12              	 *****************************************************************************/
  13              	
  14              	/******************************************************************************
  15              	 * main program code
  16              	 *****************************************************************************/
  17              	                .section .text
  18              	main:                                  /* main() entery point                */
  19              	
  20 0000 FFF7FEBF 	                b main                  /* make sure you do not leave main() */
  21              	/******************************************************************************
  22              	* Subroutines
  23              	******************************************************************************/
  24              	
  25              	
  26              	/******************************************************************************
  27              	* Stored Constants
  28              	******************************************************************************/
  29              	                .section .rodata
  30              	                /*Put stored constants and strings here */
  31              	/******************************************************************************
  32              	* Variables
  33              	******************************************************************************/
  34              	                .section .bss
DEFINED SYMBOLS
../Sources/ProjMain.asm:18     .text:00000000 main
../Sources/ProjMain.asm:20     .text:00000000 $t
                   .debug_aranges:0000000c $d

NO UNDEFINED SYMBOLS
