Archive member included because of file (symbol)

c:/freescale/kds_3.0.0/toolchain/bin/../lib/gcc/arm-none-eabi/4.8.4/../../../../arm-none-eabi/lib/armv7e-m/fpu\libg_s.a(lib_a-exit.o)
                              c:/freescale/kds_3.0.0/toolchain/bin/../lib/gcc/arm-none-eabi/4.8.4/../../../../arm-none-eabi/lib/armv7e-m/fpu/crt0.o (exit)
c:/freescale/kds_3.0.0/toolchain/bin/../lib/gcc/arm-none-eabi/4.8.4/../../../../arm-none-eabi/lib/armv7e-m/fpu\libg_s.a(lib_a-impure.o)
                              c:/freescale/kds_3.0.0/toolchain/bin/../lib/gcc/arm-none-eabi/4.8.4/../../../../arm-none-eabi/lib/armv7e-m/fpu\libg_s.a(lib_a-exit.o) (_global_impure_ptr)
c:/freescale/kds_3.0.0/toolchain/bin/../lib/gcc/arm-none-eabi/4.8.4/../../../../arm-none-eabi/lib/armv7e-m/fpu\libg_s.a(lib_a-init.o)
                              c:/freescale/kds_3.0.0/toolchain/bin/../lib/gcc/arm-none-eabi/4.8.4/../../../../arm-none-eabi/lib/armv7e-m/fpu/crt0.o (__libc_init_array)
c:/freescale/kds_3.0.0/toolchain/bin/../lib/gcc/arm-none-eabi/4.8.4/../../../../arm-none-eabi/lib/armv7e-m/fpu\libg_s.a(lib_a-memset.o)
                              c:/freescale/kds_3.0.0/toolchain/bin/../lib/gcc/arm-none-eabi/4.8.4/../../../../arm-none-eabi/lib/armv7e-m/fpu/crt0.o (memset)
c:/freescale/kds_3.0.0/toolchain/bin/../lib/gcc/arm-none-eabi/4.8.4/../../../../arm-none-eabi/lib/armv7e-m/fpu\libnosys.a(_exit.o)
                              c:/freescale/kds_3.0.0/toolchain/bin/../lib/gcc/arm-none-eabi/4.8.4/../../../../arm-none-eabi/lib/armv7e-m/fpu\libg_s.a(lib_a-exit.o) (_exit)

Allocating common symbols
Common symbol       size              file

UserFrequency       0x3               ./Sources/Lab4Proj.o

Discarded input sections

 .text          0x00000000        0x0 c:/freescale/kds_3.0.0/toolchain/bin/../lib/gcc/arm-none-eabi/4.8.4/armv7e-m/fpu/crti.o
 .data          0x00000000        0x0 c:/freescale/kds_3.0.0/toolchain/bin/../lib/gcc/arm-none-eabi/4.8.4/armv7e-m/fpu/crti.o
 .bss           0x00000000        0x0 c:/freescale/kds_3.0.0/toolchain/bin/../lib/gcc/arm-none-eabi/4.8.4/armv7e-m/fpu/crti.o
 .data          0x00000000        0x4 c:/freescale/kds_3.0.0/toolchain/bin/../lib/gcc/arm-none-eabi/4.8.4/armv7e-m/fpu/crtbegin.o
 .data          0x00000000        0x0 c:/freescale/kds_3.0.0/toolchain/bin/../lib/gcc/arm-none-eabi/4.8.4/../../../../arm-none-eabi/lib/armv7e-m/fpu/crt0.o
 .bss           0x00000000        0x0 c:/freescale/kds_3.0.0/toolchain/bin/../lib/gcc/arm-none-eabi/4.8.4/../../../../arm-none-eabi/lib/armv7e-m/fpu/crt0.o
 .ARM.extab     0x00000000        0x0 c:/freescale/kds_3.0.0/toolchain/bin/../lib/gcc/arm-none-eabi/4.8.4/../../../../arm-none-eabi/lib/armv7e-m/fpu/crt0.o
 .data          0x00000000        0x0 ./Sources/Lab4Proj.o
 .bss           0x00000000        0x0 ./Sources/Lab4Proj.o
 .data          0x00000000        0x0 ./Project_Settings/Startup_Code/startup_MK22F51212.o
 .bss           0x00000000        0x0 ./Project_Settings/Startup_Code/startup_MK22F51212.o
 .group         0x00000000        0x8 ./Project_Settings/Startup_Code/system_MK22F51212.o
 .group         0x00000000        0x8 ./Project_Settings/Startup_Code/system_MK22F51212.o
 .group         0x00000000        0x8 ./Project_Settings/Startup_Code/system_MK22F51212.o
 .group         0x00000000        0x8 ./Project_Settings/Startup_Code/system_MK22F51212.o
 .group         0x00000000        0x8 ./Project_Settings/Startup_Code/system_MK22F51212.o
 .group         0x00000000        0x8 ./Project_Settings/Startup_Code/system_MK22F51212.o
 .group         0x00000000        0x8 ./Project_Settings/Startup_Code/system_MK22F51212.o
 .group         0x00000000        0x8 ./Project_Settings/Startup_Code/system_MK22F51212.o
 .group         0x00000000        0x8 ./Project_Settings/Startup_Code/system_MK22F51212.o
 .group         0x00000000        0x8 ./Project_Settings/Startup_Code/system_MK22F51212.o
 .group         0x00000000        0x8 ./Project_Settings/Startup_Code/system_MK22F51212.o
 .text          0x00000000        0x0 ./Project_Settings/Startup_Code/system_MK22F51212.o
 .data          0x00000000        0x0 ./Project_Settings/Startup_Code/system_MK22F51212.o
 .bss           0x00000000        0x0 ./Project_Settings/Startup_Code/system_MK22F51212.o
 .data.SystemCoreClock
                0x00000000        0x4 ./Project_Settings/Startup_Code/system_MK22F51212.o
 .text.SystemCoreClockUpdate
                0x00000000      0x270 ./Project_Settings/Startup_Code/system_MK22F51212.o
 .group         0x00000000        0x8 ./Project_Settings/BasicIO_Code/BasicIO.o
 .group         0x00000000        0x8 ./Project_Settings/BasicIO_Code/BasicIO.o
 .group         0x00000000        0x8 ./Project_Settings/BasicIO_Code/BasicIO.o
 .group         0x00000000        0x8 ./Project_Settings/BasicIO_Code/BasicIO.o
 .group         0x00000000        0x8 ./Project_Settings/BasicIO_Code/BasicIO.o
 .group         0x00000000        0x8 ./Project_Settings/BasicIO_Code/BasicIO.o
 .group         0x00000000        0x8 ./Project_Settings/BasicIO_Code/BasicIO.o
 .group         0x00000000        0x8 ./Project_Settings/BasicIO_Code/BasicIO.o
 .group         0x00000000        0x8 ./Project_Settings/BasicIO_Code/BasicIO.o
 .group         0x00000000        0x8 ./Project_Settings/BasicIO_Code/BasicIO.o
 .group         0x00000000        0x8 ./Project_Settings/BasicIO_Code/BasicIO.o
 .group         0x00000000        0x8 ./Project_Settings/BasicIO_Code/BasicIO.o
 .group         0x00000000        0x8 ./Project_Settings/BasicIO_Code/BasicIO.o
 .group         0x00000000        0x8 ./Project_Settings/BasicIO_Code/BasicIO.o
 .group         0x00000000        0x8 ./Project_Settings/BasicIO_Code/BasicIO.o
 .group         0x00000000        0x8 ./Project_Settings/BasicIO_Code/BasicIO.o
 .group         0x00000000        0x8 ./Project_Settings/BasicIO_Code/BasicIO.o
 .group         0x00000000        0x8 ./Project_Settings/BasicIO_Code/BasicIO.o
 .group         0x00000000        0x8 ./Project_Settings/BasicIO_Code/BasicIO.o
 .group         0x00000000        0x8 ./Project_Settings/BasicIO_Code/BasicIO.o
 .group         0x00000000        0x8 ./Project_Settings/BasicIO_Code/BasicIO.o
 .group         0x00000000        0x8 ./Project_Settings/BasicIO_Code/BasicIO.o
 .group         0x00000000        0x8 ./Project_Settings/BasicIO_Code/BasicIO.o
 .group         0x00000000        0x8 ./Project_Settings/BasicIO_Code/BasicIO.o
 .group         0x00000000        0x8 ./Project_Settings/BasicIO_Code/BasicIO.o
 .group         0x00000000        0x8 ./Project_Settings/BasicIO_Code/BasicIO.o
 .group         0x00000000        0x8 ./Project_Settings/BasicIO_Code/BasicIO.o
 .text          0x00000000        0x0 ./Project_Settings/BasicIO_Code/BasicIO.o
 .data          0x00000000        0x0 ./Project_Settings/BasicIO_Code/BasicIO.o
 .bss           0x00000000        0x0 ./Project_Settings/BasicIO_Code/BasicIO.o
 .text.BIOOutDecByte
                0x00000000       0xbc ./Project_Settings/BasicIO_Code/BasicIO.o
 .text.BIOOutDecHWord
                0x00000000      0x150 ./Project_Settings/BasicIO_Code/BasicIO.o
 .text.BIOHexStrgtoWord
                0x00000000       0x88 ./Project_Settings/BasicIO_Code/BasicIO.o
 .text.BIOOutHexByte
                0x00000000       0x3c ./Project_Settings/BasicIO_Code/BasicIO.o
 .text.BIOOutHexHWord
                0x00000000       0x28 ./Project_Settings/BasicIO_Code/BasicIO.o
 .text.BIOOutHexWord
                0x00000000       0x3c ./Project_Settings/BasicIO_Code/BasicIO.o
 .text.bioIsHex
                0x00000000       0x54 ./Project_Settings/BasicIO_Code/BasicIO.o
 .text.bioHtoB  0x00000000       0x64 ./Project_Settings/BasicIO_Code/BasicIO.o
 .text.bioHtoA  0x00000000       0x40 ./Project_Settings/BasicIO_Code/BasicIO.o
 .debug_macro   0x00000000      0x850 ./Project_Settings/BasicIO_Code/BasicIO.o
 .debug_macro   0x00000000       0x16 ./Project_Settings/BasicIO_Code/BasicIO.o
 .debug_macro   0x00000000       0x44 ./Project_Settings/BasicIO_Code/BasicIO.o
 .debug_macro   0x00000000      0x209 ./Project_Settings/BasicIO_Code/BasicIO.o
 .debug_macro   0x00000000       0x3b ./Project_Settings/BasicIO_Code/BasicIO.o
 .debug_macro   0x00000000       0x34 ./Project_Settings/BasicIO_Code/BasicIO.o
 .debug_macro   0x00000000       0x26 ./Project_Settings/BasicIO_Code/BasicIO.o
 .debug_macro   0x00000000      0xd1d ./Project_Settings/BasicIO_Code/BasicIO.o
 .debug_macro   0x00000000       0xda ./Project_Settings/BasicIO_Code/BasicIO.o
 .debug_macro   0x00000000     0xefee ./Project_Settings/BasicIO_Code/BasicIO.o
 .text          0x00000000        0x0 c:/freescale/kds_3.0.0/toolchain/bin/../lib/gcc/arm-none-eabi/4.8.4/../../../../arm-none-eabi/lib/armv7e-m/fpu\libg_s.a(lib_a-exit.o)
 .data          0x00000000        0x0 c:/freescale/kds_3.0.0/toolchain/bin/../lib/gcc/arm-none-eabi/4.8.4/../../../../arm-none-eabi/lib/armv7e-m/fpu\libg_s.a(lib_a-exit.o)
 .bss           0x00000000        0x0 c:/freescale/kds_3.0.0/toolchain/bin/../lib/gcc/arm-none-eabi/4.8.4/../../../../arm-none-eabi/lib/armv7e-m/fpu\libg_s.a(lib_a-exit.o)
 .text          0x00000000        0x0 c:/freescale/kds_3.0.0/toolchain/bin/../lib/gcc/arm-none-eabi/4.8.4/../../../../arm-none-eabi/lib/armv7e-m/fpu\libg_s.a(lib_a-impure.o)
 .data          0x00000000        0x0 c:/freescale/kds_3.0.0/toolchain/bin/../lib/gcc/arm-none-eabi/4.8.4/../../../../arm-none-eabi/lib/armv7e-m/fpu\libg_s.a(lib_a-impure.o)
 .bss           0x00000000        0x0 c:/freescale/kds_3.0.0/toolchain/bin/../lib/gcc/arm-none-eabi/4.8.4/../../../../arm-none-eabi/lib/armv7e-m/fpu\libg_s.a(lib_a-impure.o)
 .data._impure_ptr
                0x00000000        0x4 c:/freescale/kds_3.0.0/toolchain/bin/../lib/gcc/arm-none-eabi/4.8.4/../../../../arm-none-eabi/lib/armv7e-m/fpu\libg_s.a(lib_a-impure.o)
 .text          0x00000000        0x0 c:/freescale/kds_3.0.0/toolchain/bin/../lib/gcc/arm-none-eabi/4.8.4/../../../../arm-none-eabi/lib/armv7e-m/fpu\libg_s.a(lib_a-init.o)
 .data          0x00000000        0x0 c:/freescale/kds_3.0.0/toolchain/bin/../lib/gcc/arm-none-eabi/4.8.4/../../../../arm-none-eabi/lib/armv7e-m/fpu\libg_s.a(lib_a-init.o)
 .bss           0x00000000        0x0 c:/freescale/kds_3.0.0/toolchain/bin/../lib/gcc/arm-none-eabi/4.8.4/../../../../arm-none-eabi/lib/armv7e-m/fpu\libg_s.a(lib_a-init.o)
 .text          0x00000000        0x0 c:/freescale/kds_3.0.0/toolchain/bin/../lib/gcc/arm-none-eabi/4.8.4/../../../../arm-none-eabi/lib/armv7e-m/fpu\libg_s.a(lib_a-memset.o)
 .data          0x00000000        0x0 c:/freescale/kds_3.0.0/toolchain/bin/../lib/gcc/arm-none-eabi/4.8.4/../../../../arm-none-eabi/lib/armv7e-m/fpu\libg_s.a(lib_a-memset.o)
 .bss           0x00000000        0x0 c:/freescale/kds_3.0.0/toolchain/bin/../lib/gcc/arm-none-eabi/4.8.4/../../../../arm-none-eabi/lib/armv7e-m/fpu\libg_s.a(lib_a-memset.o)
 .text          0x00000000        0x0 c:/freescale/kds_3.0.0/toolchain/bin/../lib/gcc/arm-none-eabi/4.8.4/../../../../arm-none-eabi/lib/armv7e-m/fpu\libnosys.a(_exit.o)
 .data          0x00000000        0x0 c:/freescale/kds_3.0.0/toolchain/bin/../lib/gcc/arm-none-eabi/4.8.4/../../../../arm-none-eabi/lib/armv7e-m/fpu\libnosys.a(_exit.o)
 .bss           0x00000000        0x0 c:/freescale/kds_3.0.0/toolchain/bin/../lib/gcc/arm-none-eabi/4.8.4/../../../../arm-none-eabi/lib/armv7e-m/fpu\libnosys.a(_exit.o)
 .text          0x00000000        0x0 c:/freescale/kds_3.0.0/toolchain/bin/../lib/gcc/arm-none-eabi/4.8.4/armv7e-m/fpu/crtend.o
 .data          0x00000000        0x0 c:/freescale/kds_3.0.0/toolchain/bin/../lib/gcc/arm-none-eabi/4.8.4/armv7e-m/fpu/crtend.o
 .bss           0x00000000        0x0 c:/freescale/kds_3.0.0/toolchain/bin/../lib/gcc/arm-none-eabi/4.8.4/armv7e-m/fpu/crtend.o
 .eh_frame      0x00000000        0x4 c:/freescale/kds_3.0.0/toolchain/bin/../lib/gcc/arm-none-eabi/4.8.4/armv7e-m/fpu/crtend.o
 .text          0x00000000        0x0 c:/freescale/kds_3.0.0/toolchain/bin/../lib/gcc/arm-none-eabi/4.8.4/armv7e-m/fpu/crtn.o
 .data          0x00000000        0x0 c:/freescale/kds_3.0.0/toolchain/bin/../lib/gcc/arm-none-eabi/4.8.4/armv7e-m/fpu/crtn.o
 .bss           0x00000000        0x0 c:/freescale/kds_3.0.0/toolchain/bin/../lib/gcc/arm-none-eabi/4.8.4/armv7e-m/fpu/crtn.o

Memory Configuration

Name             Origin             Length             Attributes
m_interrupts     0x00000000         0x00000400         xr
m_flash_config   0x00000400         0x00000010         xr
m_text           0x00000410         0x0007fbf0         xr
m_data           0x1fff0000         0x00010000         rw
m_data_2         0x20000000         0x00010000         rw
*default*        0x00000000         0xffffffff

Linker script and memory map

LOAD c:/freescale/kds_3.0.0/toolchain/bin/../lib/gcc/arm-none-eabi/4.8.4/armv7e-m/fpu/crti.o
LOAD c:/freescale/kds_3.0.0/toolchain/bin/../lib/gcc/arm-none-eabi/4.8.4/armv7e-m/fpu/crtbegin.o
LOAD c:/freescale/kds_3.0.0/toolchain/bin/../lib/gcc/arm-none-eabi/4.8.4/../../../../arm-none-eabi/lib/armv7e-m/fpu/crt0.o
LOAD ./Sources/Lab4Proj.o
LOAD ./Project_Settings/Startup_Code/startup_MK22F51212.o
LOAD ./Project_Settings/Startup_Code/system_MK22F51212.o
LOAD ./Project_Settings/BasicIO_Code/BasicIO.o
LOAD c:/freescale/kds_3.0.0/toolchain/bin/../lib/gcc/arm-none-eabi/4.8.4/../../../../arm-none-eabi/lib/armv7e-m/fpu\libstdc++_s.a
LOAD c:/freescale/kds_3.0.0/toolchain/bin/../lib/gcc/arm-none-eabi/4.8.4/../../../../arm-none-eabi/lib/armv7e-m/fpu\libm.a
START GROUP
LOAD c:/freescale/kds_3.0.0/toolchain/bin/../lib/gcc/arm-none-eabi/4.8.4/armv7e-m/fpu\libgcc.a
LOAD c:/freescale/kds_3.0.0/toolchain/bin/../lib/gcc/arm-none-eabi/4.8.4/../../../../arm-none-eabi/lib/armv7e-m/fpu\libg_s.a
LOAD c:/freescale/kds_3.0.0/toolchain/bin/../lib/gcc/arm-none-eabi/4.8.4/../../../../arm-none-eabi/lib/armv7e-m/fpu\libc_s.a
END GROUP
START GROUP
LOAD c:/freescale/kds_3.0.0/toolchain/bin/../lib/gcc/arm-none-eabi/4.8.4/armv7e-m/fpu\libgcc.a
LOAD c:/freescale/kds_3.0.0/toolchain/bin/../lib/gcc/arm-none-eabi/4.8.4/../../../../arm-none-eabi/lib/armv7e-m/fpu\libc_s.a
LOAD c:/freescale/kds_3.0.0/toolchain/bin/../lib/gcc/arm-none-eabi/4.8.4/../../../../arm-none-eabi/lib/armv7e-m/fpu\libnosys.a
END GROUP
START GROUP
LOAD c:/freescale/kds_3.0.0/toolchain/bin/../lib/gcc/arm-none-eabi/4.8.4/armv7e-m/fpu\libgcc.a
LOAD c:/freescale/kds_3.0.0/toolchain/bin/../lib/gcc/arm-none-eabi/4.8.4/../../../../arm-none-eabi/lib/armv7e-m/fpu\libc_s.a
LOAD c:/freescale/kds_3.0.0/toolchain/bin/../lib/gcc/arm-none-eabi/4.8.4/../../../../arm-none-eabi/lib/armv7e-m/fpu\libnosys.a
END GROUP
LOAD c:/freescale/kds_3.0.0/toolchain/bin/../lib/gcc/arm-none-eabi/4.8.4/armv7e-m/fpu/crtend.o
LOAD c:/freescale/kds_3.0.0/toolchain/bin/../lib/gcc/arm-none-eabi/4.8.4/armv7e-m/fpu/crtn.o
                0x00000400                HEAP_SIZE = DEFINED (__heap_size__)?__heap_size__:0x400
                0x00000400                STACK_SIZE = DEFINED (__stack_size__)?__stack_size__:0x400

.interrupts     0x00000000      0x400
                0x00000000                __VECTOR_TABLE = .
                0x00000000                . = ALIGN (0x4)
 *(.isr_vector)
 .isr_vector    0x00000000      0x400 ./Project_Settings/Startup_Code/startup_MK22F51212.o
                0x00000000                __isr_vector
                0x00000400                . = ALIGN (0x4)

.flash_config   0x00000400       0x10
                0x00000400                . = ALIGN (0x4)
 *(.FlashConfig)
 .FlashConfig   0x00000400       0x10 ./Project_Settings/Startup_Code/startup_MK22F51212.o
                0x00000410                . = ALIGN (0x4)

.text           0x00000410      0xa6c
                0x00000410                . = ALIGN (0x4)
 *(.text)
 .text          0x00000410       0x54 c:/freescale/kds_3.0.0/toolchain/bin/../lib/gcc/arm-none-eabi/4.8.4/armv7e-m/fpu/crtbegin.o
 .text          0x00000464       0x74 c:/freescale/kds_3.0.0/toolchain/bin/../lib/gcc/arm-none-eabi/4.8.4/../../../../arm-none-eabi/lib/armv7e-m/fpu/crt0.o
                0x00000464                _start
                0x00000464                _mainCRTStartup
 .text          0x000004d8      0x344 ./Sources/Lab4Proj.o
                0x000004d8                main
 .text          0x0000081c       0x30 ./Project_Settings/Startup_Code/startup_MK22F51212.o
                0x0000081c                Reset_Handler
                0x00000848                Reserved54_IRQHandler
                0x00000848                DebugMon_Handler
                0x00000848                I2C0_IRQHandler
                0x00000848                HardFault_Handler
                0x00000848                Reserved86_IRQHandler
                0x00000848                Reserved85_IRQHandler
                0x00000848                SysTick_Handler
                0x00000848                PendSV_Handler
                0x00000848                NMI_Handler
                0x00000848                UART0_RX_TX_IRQHandler
                0x00000848                I2C1_IRQHandler
                0x00000848                DMA2_IRQHandler
                0x00000848                Reserved99_IRQHandler
                0x00000848                PIT0_IRQHandler
                0x00000848                LLWU_IRQHandler
                0x00000848                Reserved84_IRQHandler
                0x00000848                Reserved92_IRQHandler
                0x00000848                UART2_RX_TX_IRQHandler
                0x00000848                SWI_IRQHandler
                0x00000848                ADC0_IRQHandler
                0x00000848                UsageFault_Handler
                0x00000848                I2S0_Tx_IRQHandler
                0x00000848                SPI1_IRQHandler
                0x00000848                DefaultISR
                0x00000848                DMA9_IRQHandler
                0x00000848                DMA14_IRQHandler
                0x00000848                Reserved82_IRQHandler
                0x00000848                CMP1_IRQHandler
                0x00000848                Reserved71_IRQHandler
                0x00000848                PORTD_IRQHandler
                0x00000848                PORTB_IRQHandler
                0x00000848                Reserved70_IRQHandler
                0x00000848                ADC1_IRQHandler
                0x00000848                PIT2_IRQHandler
                0x00000848                I2S0_Rx_IRQHandler
                0x00000848                Reserved53_IRQHandler
                0x00000848                DMA5_IRQHandler
                0x00000848                RTC_IRQHandler
                0x00000848                PDB0_IRQHandler
                0x00000848                Reserved96_IRQHandler
                0x00000848                FTM1_IRQHandler
                0x00000848                Reserved61_IRQHandler
                0x00000848                Reserved95_IRQHandler
                0x00000848                PIT3_IRQHandler
                0x00000848                RTC_Seconds_IRQHandler
                0x00000848                MCG_IRQHandler
                0x00000848                UART2_ERR_IRQHandler
                0x00000848                DMA11_IRQHandler
                0x00000848                Read_Collision_IRQHandler
                0x00000848                Reserved98_IRQHandler
                0x00000848                DMA7_IRQHandler
                0x00000848                Reserved101_IRQHandler
                0x00000848                USB0_IRQHandler
                0x00000848                WDOG_EWM_IRQHandler
                0x00000848                MemManage_Handler
                0x00000848                Reserved90_IRQHandler
                0x00000848                Reserved83_IRQHandler
                0x00000848                SVC_Handler
                0x00000848                DMA13_IRQHandler
                0x00000848                DMA3_IRQHandler
                0x00000848                Reserved100_IRQHandler
                0x00000848                RNG_IRQHandler
                0x00000848                DMA0_IRQHandler
                0x00000848                Reserved97_IRQHandler
                0x00000848                Reserved91_IRQHandler
                0x00000848                LPUART0_IRQHandler
                0x00000848                DMA15_IRQHandler
                0x00000848                DAC0_IRQHandler
                0x00000848                Reserved81_IRQHandler
                0x00000848                Reserved94_IRQHandler
                0x00000848                DMA4_IRQHandler
                0x00000848                PIT1_IRQHandler
                0x00000848                UART0_ERR_IRQHandler
                0x00000848                DMA_Error_IRQHandler
                0x00000848                LVD_LVW_IRQHandler
                0x00000848                SPI0_IRQHandler
                0x00000848                FTM0_IRQHandler
                0x00000848                PORTA_IRQHandler
                0x00000848                DAC1_IRQHandler
                0x00000848                MCM_IRQHandler
                0x00000848                DMA12_IRQHandler
                0x00000848                FTM3_IRQHandler
                0x00000848                PORTE_IRQHandler
                0x00000848                FTM2_IRQHandler
                0x00000848                LPTMR0_IRQHandler
                0x00000848                BusFault_Handler
                0x00000848                DMA8_IRQHandler
                0x00000848                Reserved93_IRQHandler
                0x00000848                DMA10_IRQHandler
                0x00000848                UART1_ERR_IRQHandler
                0x00000848                UART1_RX_TX_IRQHandler
                0x00000848                CMP0_IRQHandler
                0x00000848                PORTC_IRQHandler
                0x00000848                DMA6_IRQHandler
                0x00000848                FTF_IRQHandler
                0x00000848                DMA1_IRQHandler
 *(.text*)
 .text.SystemInit
                0x0000084c      0x20c ./Project_Settings/Startup_Code/system_MK22F51212.o
                0x0000084c                SystemInit
 .text.BIOOpen  0x00000a58       0x8c ./Project_Settings/BasicIO_Code/BasicIO.o
                0x00000a58                BIOOpen
 .text.BIORead  0x00000ae4       0x38 ./Project_Settings/BasicIO_Code/BasicIO.o
                0x00000ae4                BIORead
 .text.BIOGetChar
                0x00000b1c       0x24 ./Project_Settings/BasicIO_Code/BasicIO.o
                0x00000b1c                BIOGetChar
 .text.BIOWrite
                0x00000b40       0x30 ./Project_Settings/BasicIO_Code/BasicIO.o
                0x00000b40                BIOWrite
 .text.BIOPutStrg
                0x00000b70       0x30 ./Project_Settings/BasicIO_Code/BasicIO.o
                0x00000b70                BIOPutStrg
 .text.BIOGetStrg
                0x00000ba0       0xf4 ./Project_Settings/BasicIO_Code/BasicIO.o
                0x00000ba0                BIOGetStrg
 .text.BIOOutCRLF
                0x00000c94       0x10 ./Project_Settings/BasicIO_Code/BasicIO.o
                0x00000c94                BIOOutCRLF
 .text.exit     0x00000ca4       0x28 c:/freescale/kds_3.0.0/toolchain/bin/../lib/gcc/arm-none-eabi/4.8.4/../../../../arm-none-eabi/lib/armv7e-m/fpu\libg_s.a(lib_a-exit.o)
                0x00000ca4                exit
 .text.__libc_init_array
                0x00000ccc       0x4c c:/freescale/kds_3.0.0/toolchain/bin/../lib/gcc/arm-none-eabi/4.8.4/../../../../arm-none-eabi/lib/armv7e-m/fpu\libg_s.a(lib_a-init.o)
                0x00000ccc                __libc_init_array
 .text.memset   0x00000d18       0x10 c:/freescale/kds_3.0.0/toolchain/bin/../lib/gcc/arm-none-eabi/4.8.4/../../../../arm-none-eabi/lib/armv7e-m/fpu\libg_s.a(lib_a-memset.o)
                0x00000d18                memset
 .text._exit    0x00000d28        0x4 c:/freescale/kds_3.0.0/toolchain/bin/../lib/gcc/arm-none-eabi/4.8.4/../../../../arm-none-eabi/lib/armv7e-m/fpu\libnosys.a(_exit.o)
                0x00000d28                _exit
 *(.rodata)
 .rodata        0x00000d2c      0x12b ./Sources/Lab4Proj.o
 *fill*         0x00000e57        0x1 
 .rodata        0x00000e58        0x4 ./Project_Settings/BasicIO_Code/BasicIO.o
 *(.rodata*)
 .rodata.str1.1
                0x00000e5c        0x2 c:/freescale/kds_3.0.0/toolchain/bin/../lib/gcc/arm-none-eabi/4.8.4/../../../../arm-none-eabi/lib/armv7e-m/fpu\libg_s.a(lib_a-impure.o)
 *fill*         0x00000e5e        0x2 
 .rodata._global_impure_ptr
                0x00000e60        0x4 c:/freescale/kds_3.0.0/toolchain/bin/../lib/gcc/arm-none-eabi/4.8.4/../../../../arm-none-eabi/lib/armv7e-m/fpu\libg_s.a(lib_a-impure.o)
                0x00000e60                _global_impure_ptr
 *(.glue_7)
 .glue_7        0x00000000        0x0 linker stubs
 *(.glue_7t)
 .glue_7t       0x00000000        0x0 linker stubs
 *(.eh_frame)
 .eh_frame      0x00000e64        0x0 c:/freescale/kds_3.0.0/toolchain/bin/../lib/gcc/arm-none-eabi/4.8.4/armv7e-m/fpu/crtbegin.o
 *(.init)
 .init          0x00000e64        0x4 c:/freescale/kds_3.0.0/toolchain/bin/../lib/gcc/arm-none-eabi/4.8.4/armv7e-m/fpu/crti.o
                0x00000e64                _init
 .init          0x00000e68        0x8 c:/freescale/kds_3.0.0/toolchain/bin/../lib/gcc/arm-none-eabi/4.8.4/armv7e-m/fpu/crtn.o
 *(.fini)
 .fini          0x00000e70        0x4 c:/freescale/kds_3.0.0/toolchain/bin/../lib/gcc/arm-none-eabi/4.8.4/armv7e-m/fpu/crti.o
                0x00000e70                _fini
 .fini          0x00000e74        0x8 c:/freescale/kds_3.0.0/toolchain/bin/../lib/gcc/arm-none-eabi/4.8.4/armv7e-m/fpu/crtn.o
                0x00000e7c                . = ALIGN (0x4)

.vfp11_veneer   0x00000e7c        0x0
 .vfp11_veneer  0x00000000        0x0 linker stubs

.v4_bx          0x00000e7c        0x0
 .v4_bx         0x00000000        0x0 linker stubs

.iplt           0x00000e7c        0x0
 .iplt          0x00000000        0x0 c:/freescale/kds_3.0.0/toolchain/bin/../lib/gcc/arm-none-eabi/4.8.4/armv7e-m/fpu/crtbegin.o

.ARM.extab
 *(.ARM.extab* .gnu.linkonce.armextab.*)

.ARM            0x00000e7c        0x8
                0x00000e7c                __exidx_start = .
 *(.ARM.exidx*)
 .ARM.exidx     0x00000e7c        0x8 c:/freescale/kds_3.0.0/toolchain/bin/../lib/gcc/arm-none-eabi/4.8.4/../../../../arm-none-eabi/lib/armv7e-m/fpu/crt0.o
                0x00000e84                __exidx_end = .

.rel.dyn        0x00000e84        0x0
 .rel.iplt      0x00000000        0x0 c:/freescale/kds_3.0.0/toolchain/bin/../lib/gcc/arm-none-eabi/4.8.4/armv7e-m/fpu/crtbegin.o

.ctors          0x00000e84        0x0
                0x00000e84                __CTOR_LIST__ = .
 *crtbegin.o(.ctors)
 *crtbegin?.o(.ctors)
 *(EXCLUDE_FILE(*crtend.o *crtend?.o) .ctors)
 *(SORT(.ctors.*))
 *(.ctors)
                0x00000e84                __CTOR_END__ = .

.dtors          0x00000e84        0x0
                0x00000e84                __DTOR_LIST__ = .
 *crtbegin.o(.dtors)
 *crtbegin?.o(.dtors)
 *(EXCLUDE_FILE(*crtend.o *crtend?.o) .dtors)
 *(SORT(.dtors.*))
 *(.dtors)
                0x00000e84                __DTOR_END__ = .

.preinit_array  0x00000e84        0x0
                0x00000e84                PROVIDE (__preinit_array_start, .)
 *(.preinit_array*)
                0x00000e84                PROVIDE (__preinit_array_end, .)

.init_array     0x00000e84        0x4
                0x00000e84                PROVIDE (__init_array_start, .)
 *(SORT(.init_array.*))
 *(.init_array*)
 .init_array    0x00000e84        0x4 c:/freescale/kds_3.0.0/toolchain/bin/../lib/gcc/arm-none-eabi/4.8.4/armv7e-m/fpu/crtbegin.o
                0x00000e88                PROVIDE (__init_array_end, .)

.fini_array     0x00000e88        0x4
                0x00000e88                PROVIDE (__fini_array_start, .)
 *(SORT(.fini_array.*))
 *(.fini_array*)
 .fini_array    0x00000e88        0x4 c:/freescale/kds_3.0.0/toolchain/bin/../lib/gcc/arm-none-eabi/4.8.4/armv7e-m/fpu/crtbegin.o
                0x00000e8c                PROVIDE (__fini_array_end, .)
                0x00000e8c                __etext = .
                0x00000e8c                __DATA_ROM = .

.data           0x1fff0000       0x64 load address 0x00000e8c
                0x1fff0000                . = ALIGN (0x4)
                0x1fff0000                __DATA_RAM = .
                0x1fff0000                __data_start__ = .
 *(.data)
 *(.data*)
 .data.impure_data
                0x1fff0000       0x60 c:/freescale/kds_3.0.0/toolchain/bin/../lib/gcc/arm-none-eabi/4.8.4/../../../../arm-none-eabi/lib/armv7e-m/fpu\libg_s.a(lib_a-impure.o)
 *(.jcr*)
 .jcr           0x1fff0060        0x0 c:/freescale/kds_3.0.0/toolchain/bin/../lib/gcc/arm-none-eabi/4.8.4/armv7e-m/fpu/crtbegin.o
 .jcr           0x1fff0060        0x4 c:/freescale/kds_3.0.0/toolchain/bin/../lib/gcc/arm-none-eabi/4.8.4/armv7e-m/fpu/crtend.o
                0x1fff0064                . = ALIGN (0x4)
                0x1fff0064                __data_end__ = .
                0x00000ef0                __DATA_END = (__DATA_ROM + (__data_end__ - __data_start__))

.igot.plt       0x1fff0064        0x0 load address 0x00000ef0
 .igot.plt      0x00000000        0x0 c:/freescale/kds_3.0.0/toolchain/bin/../lib/gcc/arm-none-eabi/4.8.4/armv7e-m/fpu/crtbegin.o

.bss            0x1fff0064       0x20 load address 0x00000ef0
                0x1fff0064                . = ALIGN (0x4)
                0x1fff0064                __START_BSS = .
                0x1fff0064                __bss_start__ = .
 *(.bss)
 .bss           0x1fff0064       0x1c c:/freescale/kds_3.0.0/toolchain/bin/../lib/gcc/arm-none-eabi/4.8.4/armv7e-m/fpu/crtbegin.o
 *(.bss*)
 *(COMMON)
 COMMON         0x1fff0080        0x3 ./Sources/Lab4Proj.o
                0x1fff0080                UserFrequency
                0x1fff0084                . = ALIGN (0x4)
 *fill*         0x1fff0083        0x1 
                0x1fff0084                __bss_end__ = .
                0x1fff0084                __END_BSS = .

.heap           0x20000000      0x400
                0x20000000                . = ALIGN (0x8)
                0x20000000                __end__ = .
                0x20000000                PROVIDE (end, .)
                0x20000000                __HeapBase = .
                0x20000400                . = (. + HEAP_SIZE)
 *fill*         0x20000000      0x400 
                0x20000400                __HeapLimit = .

.stack          0x20000400      0x400
                0x20000400                . = ALIGN (0x8)
                0x20000800                . = (. + STACK_SIZE)
 *fill*         0x20000400      0x400 
                0x20010000                __StackTop = (ORIGIN (m_data_2) + 0x10000)
                0x2000fc00                __StackLimit = (__StackTop - STACK_SIZE)
                0x20010000                PROVIDE (__stack, __StackTop)

.ARM.attributes
                0x00000000       0x30
 *(.ARM.attributes)
 .ARM.attributes
                0x00000000       0x22 c:/freescale/kds_3.0.0/toolchain/bin/../lib/gcc/arm-none-eabi/4.8.4/armv7e-m/fpu/crti.o
 .ARM.attributes
                0x00000022       0x34 c:/freescale/kds_3.0.0/toolchain/bin/../lib/gcc/arm-none-eabi/4.8.4/armv7e-m/fpu/crtbegin.o
 .ARM.attributes
                0x00000056       0x20 c:/freescale/kds_3.0.0/toolchain/bin/../lib/gcc/arm-none-eabi/4.8.4/../../../../arm-none-eabi/lib/armv7e-m/fpu/crt0.o
 .ARM.attributes
                0x00000076       0x25 ./Sources/Lab4Proj.o
 .ARM.attributes
                0x0000009b       0x1f ./Project_Settings/Startup_Code/startup_MK22F51212.o
 .ARM.attributes
                0x000000ba       0x39 ./Project_Settings/Startup_Code/system_MK22F51212.o
 .ARM.attributes
                0x000000f3       0x39 ./Project_Settings/BasicIO_Code/BasicIO.o
 .ARM.attributes
                0x0000012c       0x34 c:/freescale/kds_3.0.0/toolchain/bin/../lib/gcc/arm-none-eabi/4.8.4/../../../../arm-none-eabi/lib/armv7e-m/fpu\libg_s.a(lib_a-exit.o)
 .ARM.attributes
                0x00000160       0x34 c:/freescale/kds_3.0.0/toolchain/bin/../lib/gcc/arm-none-eabi/4.8.4/../../../../arm-none-eabi/lib/armv7e-m/fpu\libg_s.a(lib_a-impure.o)
 .ARM.attributes
                0x00000194       0x34 c:/freescale/kds_3.0.0/toolchain/bin/../lib/gcc/arm-none-eabi/4.8.4/../../../../arm-none-eabi/lib/armv7e-m/fpu\libg_s.a(lib_a-init.o)
 .ARM.attributes
                0x000001c8       0x34 c:/freescale/kds_3.0.0/toolchain/bin/../lib/gcc/arm-none-eabi/4.8.4/../../../../arm-none-eabi/lib/armv7e-m/fpu\libg_s.a(lib_a-memset.o)
 .ARM.attributes
                0x000001fc       0x34 c:/freescale/kds_3.0.0/toolchain/bin/../lib/gcc/arm-none-eabi/4.8.4/../../../../arm-none-eabi/lib/armv7e-m/fpu\libnosys.a(_exit.o)
 .ARM.attributes
                0x00000230       0x34 c:/freescale/kds_3.0.0/toolchain/bin/../lib/gcc/arm-none-eabi/4.8.4/armv7e-m/fpu/crtend.o
 .ARM.attributes
                0x00000264       0x22 c:/freescale/kds_3.0.0/toolchain/bin/../lib/gcc/arm-none-eabi/4.8.4/armv7e-m/fpu/crtn.o
                0x00000001                ASSERT ((__StackLimit >= __HeapLimit), region m_data_2 overflowed with stack and heap)
OUTPUT(Lab4Proj.elf elf32-littlearm)

.debug_line     0x00000000      0x9e5
 .debug_line    0x00000000      0x18a ./Sources/Lab4Proj.o
 .debug_line    0x0000018a       0x7b ./Project_Settings/Startup_Code/startup_MK22F51212.o
 .debug_line    0x00000205      0x2bd ./Project_Settings/Startup_Code/system_MK22F51212.o
 .debug_line    0x000004c2      0x523 ./Project_Settings/BasicIO_Code/BasicIO.o

.debug_info     0x00000000     0x1595
 .debug_info    0x00000000       0x54 ./Sources/Lab4Proj.o
 .debug_info    0x00000054       0x72 ./Project_Settings/Startup_Code/startup_MK22F51212.o
 .debug_info    0x000000c6      0xb20 ./Project_Settings/Startup_Code/system_MK22F51212.o
 .debug_info    0x00000be6      0x9af ./Project_Settings/BasicIO_Code/BasicIO.o

.debug_abbrev   0x00000000      0x3a5
 .debug_abbrev  0x00000000       0x14 ./Sources/Lab4Proj.o
 .debug_abbrev  0x00000014       0x14 ./Project_Settings/Startup_Code/startup_MK22F51212.o
 .debug_abbrev  0x00000028      0x141 ./Project_Settings/Startup_Code/system_MK22F51212.o
 .debug_abbrev  0x00000169      0x23c ./Project_Settings/BasicIO_Code/BasicIO.o

.debug_aranges  0x00000000      0x100
 .debug_aranges
                0x00000000       0x20 ./Sources/Lab4Proj.o
 .debug_aranges
                0x00000020       0x20 ./Project_Settings/Startup_Code/startup_MK22F51212.o
 .debug_aranges
                0x00000040       0x28 ./Project_Settings/Startup_Code/system_MK22F51212.o
 .debug_aranges
                0x00000068       0x98 ./Project_Settings/BasicIO_Code/BasicIO.o

.debug_ranges   0x00000000       0xa0
 .debug_ranges  0x00000000       0x18 ./Project_Settings/Startup_Code/system_MK22F51212.o
 .debug_ranges  0x00000018       0x88 ./Project_Settings/BasicIO_Code/BasicIO.o

.debug_macro    0x00000000    0x11409
 .debug_macro   0x00000000       0x88 ./Project_Settings/Startup_Code/system_MK22F51212.o
 .debug_macro   0x00000088      0x850 ./Project_Settings/Startup_Code/system_MK22F51212.o
 .debug_macro   0x000008d8       0x16 ./Project_Settings/Startup_Code/system_MK22F51212.o
 .debug_macro   0x000008ee       0x44 ./Project_Settings/Startup_Code/system_MK22F51212.o
 .debug_macro   0x00000932      0x209 ./Project_Settings/Startup_Code/system_MK22F51212.o
 .debug_macro   0x00000b3b       0x67 ./Project_Settings/Startup_Code/system_MK22F51212.o
 .debug_macro   0x00000ba2       0x3b ./Project_Settings/Startup_Code/system_MK22F51212.o
 .debug_macro   0x00000bdd       0x34 ./Project_Settings/Startup_Code/system_MK22F51212.o
 .debug_macro   0x00000c11       0x26 ./Project_Settings/Startup_Code/system_MK22F51212.o
 .debug_macro   0x00000c37      0xd1d ./Project_Settings/Startup_Code/system_MK22F51212.o
 .debug_macro   0x00001954       0xda ./Project_Settings/Startup_Code/system_MK22F51212.o
 .debug_macro   0x00001a2e     0xefee ./Project_Settings/Startup_Code/system_MK22F51212.o
 .debug_macro   0x00010a1c      0x172 ./Project_Settings/BasicIO_Code/BasicIO.o
 .debug_macro   0x00010b8e       0x1c ./Project_Settings/BasicIO_Code/BasicIO.o
 .debug_macro   0x00010baa       0x16 ./Project_Settings/BasicIO_Code/BasicIO.o
 .debug_macro   0x00010bc0       0x55 ./Project_Settings/BasicIO_Code/BasicIO.o
 .debug_macro   0x00010c15       0x10 ./Project_Settings/BasicIO_Code/BasicIO.o
 .debug_macro   0x00010c25       0x58 ./Project_Settings/BasicIO_Code/BasicIO.o
 .debug_macro   0x00010c7d       0x35 ./Project_Settings/BasicIO_Code/BasicIO.o
 .debug_macro   0x00010cb2       0xa3 ./Project_Settings/BasicIO_Code/BasicIO.o
 .debug_macro   0x00010d55      0x166 ./Project_Settings/BasicIO_Code/BasicIO.o
 .debug_macro   0x00010ebb       0x52 ./Project_Settings/BasicIO_Code/BasicIO.o
 .debug_macro   0x00010f0d       0x16 ./Project_Settings/BasicIO_Code/BasicIO.o
 .debug_macro   0x00010f23       0x43 ./Project_Settings/BasicIO_Code/BasicIO.o
 .debug_macro   0x00010f66      0x180 ./Project_Settings/BasicIO_Code/BasicIO.o
 .debug_macro   0x000110e6      0x2a6 ./Project_Settings/BasicIO_Code/BasicIO.o
 .debug_macro   0x0001138c       0x10 ./Project_Settings/BasicIO_Code/BasicIO.o
 .debug_macro   0x0001139c       0x35 ./Project_Settings/BasicIO_Code/BasicIO.o
 .debug_macro   0x000113d1       0x16 ./Project_Settings/BasicIO_Code/BasicIO.o
 .debug_macro   0x000113e7       0x22 ./Project_Settings/BasicIO_Code/BasicIO.o

.debug_str      0x00000000    0x61935
 .debug_str     0x00000000    0x5f1c4 ./Project_Settings/Startup_Code/system_MK22F51212.o
                              0x5f376 (size before relaxing)
 .debug_str     0x0005f1c4     0x2771 ./Project_Settings/BasicIO_Code/BasicIO.o
                              0x614d5 (size before relaxing)

.comment        0x00000000       0x70
 .comment       0x00000000       0x70 ./Project_Settings/Startup_Code/system_MK22F51212.o
                                 0x71 (size before relaxing)
 .comment       0x00000000       0x71 ./Project_Settings/BasicIO_Code/BasicIO.o

.debug_frame    0x00000000      0x2c8
 .debug_frame   0x00000000       0x44 ./Project_Settings/Startup_Code/system_MK22F51212.o
 .debug_frame   0x00000044      0x1f0 ./Project_Settings/BasicIO_Code/BasicIO.o
 .debug_frame   0x00000234       0x28 c:/freescale/kds_3.0.0/toolchain/bin/../lib/gcc/arm-none-eabi/4.8.4/../../../../arm-none-eabi/lib/armv7e-m/fpu\libg_s.a(lib_a-exit.o)
 .debug_frame   0x0000025c       0x2c c:/freescale/kds_3.0.0/toolchain/bin/../lib/gcc/arm-none-eabi/4.8.4/../../../../arm-none-eabi/lib/armv7e-m/fpu\libg_s.a(lib_a-init.o)
 .debug_frame   0x00000288       0x20 c:/freescale/kds_3.0.0/toolchain/bin/../lib/gcc/arm-none-eabi/4.8.4/../../../../arm-none-eabi/lib/armv7e-m/fpu\libg_s.a(lib_a-memset.o)
 .debug_frame   0x000002a8       0x20 c:/freescale/kds_3.0.0/toolchain/bin/../lib/gcc/arm-none-eabi/4.8.4/../../../../arm-none-eabi/lib/armv7e-m/fpu\libnosys.a(_exit.o)
